[debug] [2026-09-24T07:46:29.206Z] ----------------------------------------------------------------------
[debug] [2026-09-24T07:46:29.221Z] Command:       C:\Program Files\nodejs\node.exe C:\Users\derbi\AppData\Roaming\npm\node_modules\firebase-tools\lib\bin\firebase.js projects:list
[debug] [2026-09-24T07:46:29.222Z] CLI Version:   14.7.0
[debug] [2026-09-24T07:46:29.222Z] Platform:      win32
[debug] [2026-09-24T07:46:29.223Z] Node Version:  v22.11.0
[debug] [2026-09-24T07:46:29.224Z] Time:          Thu Sep 24 2026 14:46:29 GMT+0700 (Indochina Time)
[debug] [2026-09-24T07:46:29.224Z] ----------------------------------------------------------------------
[debug] 
[debug] [2026-09-24T07:46:29.242Z] >>> [apiv2][query] GET https://firebase-public.firebaseio.com/cli.json [none]
[debug] [2026-09-24T07:46:30.126Z] > command requires scopes: ["email","openid","https://www.googleapis.com/auth/cloudplatformprojects.readonly","https://www.googleapis.com/auth/firebase","https://www.googleapis.com/auth/cloud-platform"]
[debug] [2026-09-24T07:46:30.127Z] > authorizing via signed-in user (derbi.julian@students.paramadina.ac.id)
[debug] [2026-09-24T07:46:30.170Z] Checked if tokens are valid: false, expires at: 1750258158439
[debug] [2026-09-24T07:46:30.176Z] Checked if tokens are valid: false, expires at: 1750258158439
[debug] [2026-09-24T07:46:30.183Z] > refreshing access token with scopes: []
[debug] [2026-09-24T07:46:30.186Z] >>> [apiv2][query] POST https://www.googleapis.com/oauth2/v3/token [none]
[debug] [2026-09-24T07:46:30.186Z] >>> [apiv2][body] POST https://www.googleapis.com/oauth2/v3/token [omitted]
[debug] [2026-09-24T07:46:31.127Z] <<< [apiv2][status] POST https://www.googleapis.com/oauth2/v3/token 400
[debug] [2026-09-24T07:46:31.151Z] <<< [apiv2][body] POST https://www.googleapis.com/oauth2/v3/token [omitted]
[debug] [2026-09-24T07:46:31.172Z] >>> [apiv2][query] GET https://firebase.googleapis.com/v1beta1/projects pageSize=1000
[debug] [2026-09-24T07:46:31.209Z] <<< [apiv2][status] GET https://firebase-public.firebaseio.com/cli.json 200
[debug] [2026-09-24T07:46:31.210Z] <<< [apiv2][body] GET https://firebase-public.firebaseio.com/cli.json {"cloudBuildErrorAfter":1594252800000,"cloudBuildWarnAfter":1590019200000,"defaultNode10After":1594252800000,"minVersion":"3.0.5","node8DeploysDisabledAfter":1613390400000,"node8RuntimeDisabledAfter":1615809600000,"node8WarnAfter":1600128000000}
[debug] [2026-09-24T07:46:34.363Z] <<< [apiv2][status] GET https://firebase.googleapis.com/v1beta1/projects 401
[debug] [2026-09-24T07:46:34.376Z] <<< [apiv2][body] GET https://firebase.googleapis.com/v1beta1/projects [omitted]
[debug] [2026-09-24T07:46:34.377Z] Got a 401 Unauthenticated error for a call that required authentication. Refreshing tokens.
[debug] [2026-09-24T07:46:34.377Z] Checked if tokens are valid: false, expires at: 1750258158439
[debug] [2026-09-24T07:46:34.377Z] Checked if tokens are valid: false, expires at: 1750258158439
[debug] [2026-09-24T07:46:34.377Z] > refreshing access token with scopes: []
[debug] [2026-09-24T07:46:34.387Z] >>> [apiv2][query] POST https://www.googleapis.com/oauth2/v3/token [none]
[debug] [2026-09-24T07:46:34.388Z] >>> [apiv2][body] POST https://www.googleapis.com/oauth2/v3/token [omitted]
[debug] [2026-09-24T07:46:34.526Z] <<< [apiv2][status] POST https://www.googleapis.com/oauth2/v3/token 400
[debug] [2026-09-24T07:46:34.526Z] <<< [apiv2][body] POST https://www.googleapis.com/oauth2/v3/token [omitted]
[debug] [2026-09-24T07:46:34.555Z] Request to https://firebase.googleapis.com/v1beta1/projects?pageSize=1000 had HTTP Error: 401, Request had invalid authentication credentials. Expected OAuth 2 access token, login cookie or other valid authentication credential. See https://developers.google.com/identity/sign-in/web/devconsole-project.
[debug] [2026-09-24T07:46:35.112Z] FirebaseError: Request to https://firebase.googleapis.com/v1beta1/projects?pageSize=1000 had HTTP Error: 401, Request had invalid authentication credentials. Expected OAuth 2 access token, login cookie or other valid authentication credential. See https://developers.google.com/identity/sign-in/web/devconsole-project.
    at responseToError (C:\Users\derbi\AppData\Roaming\npm\node_modules\firebase-tools\lib\responseToError.js:52:12)
    at RetryOperation._fn (C:\Users\derbi\AppData\Roaming\npm\node_modules\firebase-tools\lib\apiv2.js:312:77)
    at process.processTicksAndRejections (node:internal/process/task_queues:105:5)
[error] 
[error] Error: Failed to list Firebase projects. See firebase-debug.log for more info.
